[ofgame.club/PUBG/index.html]
[backblue.gif]
[fade.gif]
[index.html]
[2014z520vw7j2q4i2nc4lbo5-wpengine.netdna-ssl.com/wp-content/uploads/2018/06/cropped-pubg-favicon-L-1-32x32.webp]
[example.com/image.1.delayed]
[ofgame.club/PUBG/maxcdn.bootstrapcdn.com/font-awesome/4.5.0/css/font-awesome.min.css]
[ofgame.club/PUBG/css/bootstrap.min.css]
[ofgame.club/PUBG/css/animate.css]
[ofgame.club/PUBG/css/sweetalert2.min.css]
[ofgame.club/PUBG/css/magnific-popup.css]
[ofgame.club/PUBG/css/fancySelect.css]
[ofgame.club/PUBG/css/style.css]
[ofgame.club/PUBG/css/custom-css.css]
[d13nu0oomnx5ti.cloudfront.net/39d2e7d.js]
[ofgame.club/PUBG/img/logo.png]
[ofgame.club/PUBG/img/tublive.com-gold.png]
[ofgame.club/PUBG/img/GameBagLogo.png]
[ofgame.club/PUBG/js/jquery-3.2.1.js]
[ofgame.club/PUBG/ajax.googleapis.com/ajax/libs/jqueryui/1.8.13/jquery-ui.min.js]
[ofgame.club/PUBG/js/fancySelect.js]
[ofgame.club/PUBG/js/jquery.countTo.js]
[ofgame.club/PUBG/js/sweetalert2.min.js]
[ofgame.club/PUBG/js/validator.min.js]
[ofgame.club/PUBG/js/com.js]
[ofgame.club/PUBG/js/form-scripts.js]
[ofgame.club/PUBG/js/jquery.magnific-popup.min.js]
[ofgame.club/PUBG/js/sticky.js]
[ofgame.club/PUBG/index.html]
[example.com/image.html]
[ofgame.club/PUBG/js/main.js]
[ofgame.club/PUBG/maxcdn.bootstrapcdn.com/font-awesome/4.5.0/fonts/fontawesome-webfont329532953295.html]
[ofgame.club/PUBG/maxcdn.bootstrapcdn.com/font-awesome/4.5.0/css/font-awesome.min.css]
[ofgame.club/PUBG/fonts/glyphicons-halflings-regular.eot]
[ofgame.club/PUBG/fonts/glyphicons-halflings-regulard41dd41dd41dd41dd41dd41d.eot]
[ofgame.club/PUBG/fonts/glyphicons-halflings-regular.html]
[ofgame.club/PUBG/fonts/glyphicons-halflings-regular.woff]
[ofgame.club/PUBG/fonts/glyphicons-halflings-regular.ttf]
[ofgame.club/PUBG/fonts/glyphicons-halflings-regular.svg]
[ofgame.club/PUBG/css/bootstrap.min.css]
[ofgame.club/PUBG/css/animate.css]
[ofgame.club/PUBG/css/sweetalert2.min.css]
[ofgame.club/PUBG/css/magnific-popup.css]
[ofgame.club/PUBG/css/fancySelect.css]
[ofgame.club/PUBG/fonts/bebasneue_bold-webfont.eot]
[ofgame.club/PUBG/fonts/bebasneue_bold-webfontd41dd41dd41dd41dd41dd41d.eot]
[ofgame.club/PUBG/fonts/bebasneue_bold-webfont.html]
[ofgame.club/PUBG/fonts/bebasneue_bold-webfont.woff]
[ofgame.club/PUBG/fonts/bebasneue_bold-webfont.ttf]
[ofgame.club/PUBG/fonts/bebasneue_regular-webfont.eot]
[ofgame.club/PUBG/fonts/bebasneue_regular-webfontd41dd41dd41dd41dd41dd41d.eot]
[ofgame.club/PUBG/fonts/bebasneue_regular-webfont.html]
[ofgame.club/PUBG/fonts/bebasneue_regular-webfont.woff]
[ofgame.club/PUBG/fonts/bebasneue_regular-webfont.ttf]
[ofgame.club/PUBG/fonts/et-line.eot]
[ofgame.club/PUBG/fonts/et-lined41dd41dd41dd41dd41dd41d.eot]
[ofgame.club/PUBG/fonts/et-line.woff]
[ofgame.club/PUBG/fonts/et-line.ttf]
[ofgame.club/PUBG/img/pr-l.png]
[ofgame.club/PUBG/fonts/et-line.svg]
[ofgame.club/PUBG/img/pr-r.png]
[ofgame.club/PUBG/img/main-bg.jpg]
[ofgame.club/PUBG/img/panel-overlay.png]
[ofgame.club/PUBG/img/smallbtnbg-r.png]
[ofgame.club/PUBG/img/smallbtnbg.png]
[ofgame.club/PUBG/img/smallbtnbg-bw.png]
[ofgame.club/PUBG/img/smallbtnbg-r-bw.png]
[ofgame.club/PUBG/img/button-dot.png]
[ofgame.club/PUBG/img/btn-img.png]
[ofgame.club/PUBG/img/ft-1.png]
[ofgame.club/PUBG/img/ft-2.png]
[ofgame.club/PUBG/img/ft-3.html]
[ofgame.club/PUBG/img/ft-4.html]
[ofgame.club/PUBG/css/style.css]
[ofgame.club/PUBG/css/custom-css.css]
[ofgame.club/PUBG/img/verify.html]
[ofgame.club/PUBG/maxcdn.bootstrapcdn.com/font-awesome/4.5.0/fonts/fontawesome-webfont329532953295.html]
[ofgame.club/PUBG/fonts/glyphicons-halflings-regular.html]
[ofgame.club/PUBG/fonts/glyphicons-halflings-regular.svg]
[ofgame.club/PUBG/fonts/bebasneue_bold-webfont.html]
[ofgame.club/PUBG/fonts/bebasneue_regular-webfont.html]
[ofgame.club/PUBG/fonts/et-line.svg]
[ofgame.club/PUBG/img/ft-3.html]
[ofgame.club/PUBG/img/ft-4.html]
